a new file just to start







Initial commit

Untracked files:
  (use "git add <file>..." to include in what will be committed)

	starting file.txt

nothing added to commit but untracked files present (use "git add" to track)
CEOs-MacBook-Pro:GBH ceo$ git add .
CEOs-MacBook-Pro:GBH ceo$ git status
On branch master

Initial commit

Changes to be committed:
  (use "git rm --cached <file>..." to unstage)

	new file:   starting file.txt

CEOs-MacBook-Pro:GBH ceo$ git commit -m "initial commit"
[master (root-commit) 028c8cd] initial commit
 Committer: CEO <ceo@CEOs-MacBook-Pro.local>
Your name and email address were configured automatically based
on your username and hostname. Please check that they are accurate.
You can suppress this message by setting them explicitly. Run the
following command and follow the instructions in your editor to edit
your configuration file:

    git config --global --edit

After doing this, you may fix the identity used for this commit with:

    git commit --amend --reset-author

